// Jest Snapshot v1, https://goo.gl/fbAQLP

exports[`AddStudentForm snapshot - should close the modal when submitting returns a 200 response 1`] = `
<div
  className="AddStudentForm"
>
  <button
    className="open-modal btn btn-lg btn-default active"
    disabled={false}
    onClick={[Function]}
    type="button"
  >
    Add Student
  </button>
</div>
`;
